// Jest Snapshot v1, https://goo.gl/fbAQLP

exports[`renders the UI as expected 1`] = `
<li
  className="CollectionLink"
>
  <a
    className="collection-link"
    href="/collections/undefined"
    onClick={[Function]}
  />
</li>
`;
