// Jest Snapshot v1, https://goo.gl/fbAQLP

exports[`renders the UI as expected 1`] = `
<a
  className="film-link"
  href="/films/undefined"
  onClick={[Function]}
>
  <li
    className="FilmLink"
  />
</a>
`;
